<html>
<body>
<pre>
<h1>µVision Build Log</h1>
<h2>Project:</h2>
F:\xiaotian\MyFirstjob_´°¿Ú¿´ÃÅ¹·\MyFirstjob.uvproj
Project File Date:  06/18/2017

<h2>Output:</h2>
Rebuild target 'MyFirstjob'
assembling cortexm3_macro.s...
assembling stm32f10x_vector.s...
compiling stm32f10x_flash.c...
compiling stm32f10x_gpio.c...
compiling stm32f10x_lib.c...
compiling stm32f10x_rcc.c...
compiling stm32f10x_usart.c...
compiling stm32f10x_nvic.c...
compiling stm32f10x_exti.c...
compiling stm32f10x_wwdg.c...
compiling stm32f10x_it.c...
compiling main.c...
src\main.c(122): warning:  #177-D: variable "USART_ClockInitStructure" was declared but never referenced
linking...
Program Size: Code=5144 RO-data=356 RW-data=4 ZI-data=1028  
FromELF: creating hex file...
".\obj\MyFirstjob.axf" - 0 Errors, 1 Warning(s).
