ARM Linker, 5.03 [Build 76] [MDK-ARM Standard]

==============================================================================

Section Cross References

    stm32f10x_vector.o(RESET) refers to stm32f10x_vector.o(STACK) for __initial_sp
    stm32f10x_vector.o(RESET) refers to stm32f10x_vector.o(.text) for Reset_Handler
    stm32f10x_vector.o(RESET) refers to stm32f10x_it.o(.text) for NMIException
    stm32f10x_vector.o(.text) refers to entry.o(.ARM.Collect$$$$00000000) for __main
    stm32f10x_gpio.o(.text) refers to stm32f10x_rcc.o(.text) for RCC_APB2PeriphResetCmd
    stm32f10x_rcc.o(.text) refers to stm32f10x_rcc.o(.constdata) for APBAHBPrescTable
    stm32f10x_nvic.o(.text) refers to cortexm3_macro.o(.text) for __SETPRIMASK
    stm32f10x_usart.o(.text) refers to stm32f10x_rcc.o(.text) for RCC_APB2PeriphResetCmd
    stm32f10x_it.o(.text) refers to stm32f10x_dma.o(.text) for DMA_GetCurrDataCounter
    stm32f10x_it.o(.text) refers to main.o(.data) for Tick
    main.o(.text) refers to stm32f10x_systick.o(.text) for SysTick_CLKSourceConfig
    main.o(.text) refers to stm32f10x_dma.o(.text) for DMA_DeInit
    main.o(.text) refers to stm32f10x_usart.o(.text) for USART_Init
    main.o(.text) refers to stm32f10x_gpio.o(.text) for GPIO_Init
    main.o(.text) refers to stm32f10x_nvic.o(.text) for NVIC_SetVectorTable
    main.o(.text) refers to stm32f10x_rcc.o(.text) for RCC_DeInit
    main.o(.text) refers to stm32f10x_flash.o(.text) for FLASH_SetLatency
    main.o(.text) refers to strncmp.o(.text) for strncmp
    main.o(.text) refers to printf1.o(i.__0printf$1) for __2printf
    main.o(.text) refers to main.o(.data) for SRC_Const_Buffer
    main.o(.text) refers to main.o(.bss) for DST_Buffer
    entry.o(.ARM.Collect$$$$00000000) refers (Special) to entry10a.o(.ARM.Collect$$$$0000000D) for __rt_final_cpp
    entry.o(.ARM.Collect$$$$00000000) refers (Special) to entry11a.o(.ARM.Collect$$$$0000000F) for __rt_final_exit
    entry.o(.ARM.Collect$$$$00000000) refers (Special) to entry7b.o(.ARM.Collect$$$$00000008) for _main_clock
    entry.o(.ARM.Collect$$$$00000000) refers (Special) to entry8b.o(.ARM.Collect$$$$0000000A) for _main_cpp_init
    entry.o(.ARM.Collect$$$$00000000) refers (Special) to entry9a.o(.ARM.Collect$$$$0000000B) for _main_init
    entry.o(.ARM.Collect$$$$00000000) refers (Special) to entry5.o(.ARM.Collect$$$$00000004) for _main_scatterload
    entry.o(.ARM.Collect$$$$00000000) refers (Special) to entry2.o(.ARM.Collect$$$$00000001) for _main_stk
    printfb.o(i.__0fprintf$bare) refers to printfb.o(i._printf_core) for _printf_core
    printfb.o(i.__0fprintf$bare) refers to main.o(.text) for fputc
    printfb.o(i.__0printf$bare) refers to printfb.o(i._printf_core) for _printf_core
    printfb.o(i.__0printf$bare) refers to main.o(.text) for fputc
    printfb.o(i.__0printf$bare) refers to stdout.o(.data) for __stdout
    printfb.o(i.__0snprintf$bare) refers to printfb.o(i._printf_core) for _printf_core
    printfb.o(i.__0snprintf$bare) refers to printfb.o(i._snputc) for _snputc
    printfb.o(i.__0sprintf$bare) refers to printfb.o(i._printf_core) for _printf_core
    printfb.o(i.__0sprintf$bare) refers to printfb.o(i._sputc) for _sputc
    printfb.o(i.__0vfprintf$bare) refers to printfb.o(i._printf_core) for _printf_core
    printfb.o(i.__0vfprintf$bare) refers to main.o(.text) for fputc
    printfb.o(i.__0vprintf$bare) refers to printfb.o(i._printf_core) for _printf_core
    printfb.o(i.__0vprintf$bare) refers to main.o(.text) for fputc
    printfb.o(i.__0vprintf$bare) refers to stdout.o(.data) for __stdout
    printfb.o(i.__0vsnprintf$bare) refers to printfb.o(i._printf_core) for _printf_core
    printfb.o(i.__0vsnprintf$bare) refers to printfb.o(i._snputc) for _snputc
    printfb.o(i.__0vsprintf$bare) refers to printfb.o(i._printf_core) for _printf_core
    printfb.o(i.__0vsprintf$bare) refers to printfb.o(i._sputc) for _sputc
    printf0.o(i.__0fprintf$0) refers to printf0.o(i._printf_core) for _printf_core
    printf0.o(i.__0fprintf$0) refers to main.o(.text) for fputc
    printf0.o(i.__0printf$0) refers to printf0.o(i._printf_core) for _printf_core
    printf0.o(i.__0printf$0) refers to main.o(.text) for fputc
    printf0.o(i.__0printf$0) refers to stdout.o(.data) for __stdout
    printf0.o(i.__0snprintf$0) refers to printf0.o(i._printf_core) for _printf_core
    printf0.o(i.__0snprintf$0) refers to printf0.o(i._snputc) for _snputc
    printf0.o(i.__0sprintf$0) refers to printf0.o(i._printf_core) for _printf_core
    printf0.o(i.__0sprintf$0) refers to printf0.o(i._sputc) for _sputc
    printf0.o(i.__0vfprintf$0) refers to printf0.o(i._printf_core) for _printf_core
    printf0.o(i.__0vfprintf$0) refers to main.o(.text) for fputc
    printf0.o(i.__0vprintf$0) refers to printf0.o(i._printf_core) for _printf_core
    printf0.o(i.__0vprintf$0) refers to main.o(.text) for fputc
    printf0.o(i.__0vprintf$0) refers to stdout.o(.data) for __stdout
    printf0.o(i.__0vsnprintf$0) refers to printf0.o(i._printf_core) for _printf_core
    printf0.o(i.__0vsnprintf$0) refers to printf0.o(i._snputc) for _snputc
    printf0.o(i.__0vsprintf$0) refers to printf0.o(i._printf_core) for _printf_core
    printf0.o(i.__0vsprintf$0) refers to printf0.o(i._sputc) for _sputc
    printf1.o(i.__0fprintf$1) refers to printf1.o(i._printf_core) for _printf_core
    printf1.o(i.__0fprintf$1) refers to main.o(.text) for fputc
    printf1.o(i.__0printf$1) refers to printf1.o(i._printf_core) for _printf_core
    printf1.o(i.__0printf$1) refers to main.o(.text) for fputc
    printf1.o(i.__0printf$1) refers to stdout.o(.data) for __stdout
    printf1.o(i.__0snprintf$1) refers to printf1.o(i._printf_core) for _printf_core
    printf1.o(i.__0snprintf$1) refers to printf1.o(i._snputc) for _snputc
    printf1.o(i.__0sprintf$1) refers to printf1.o(i._printf_core) for _printf_core
    printf1.o(i.__0sprintf$1) refers to printf1.o(i._sputc) for _sputc
    printf1.o(i.__0vfprintf$1) refers to printf1.o(i._printf_core) for _printf_core
    printf1.o(i.__0vfprintf$1) refers to main.o(.text) for fputc
    printf1.o(i.__0vprintf$1) refers to printf1.o(i._printf_core) for _printf_core
    printf1.o(i.__0vprintf$1) refers to main.o(.text) for fputc
    printf1.o(i.__0vprintf$1) refers to stdout.o(.data) for __stdout
    printf1.o(i.__0vsnprintf$1) refers to printf1.o(i._printf_core) for _printf_core
    printf1.o(i.__0vsnprintf$1) refers to printf1.o(i._snputc) for _snputc
    printf1.o(i.__0vsprintf$1) refers to printf1.o(i._printf_core) for _printf_core
    printf1.o(i.__0vsprintf$1) refers to printf1.o(i._sputc) for _sputc
    printf1.o(i._printf_core) refers to uidiv.o(.text) for __aeabi_uidivmod
    printf2.o(i.__0fprintf$2) refers to printf2.o(i._printf_core) for _printf_core
    printf2.o(i.__0fprintf$2) refers to main.o(.text) for fputc
    printf2.o(i.__0printf$2) refers to printf2.o(i._printf_core) for _printf_core
    printf2.o(i.__0printf$2) refers to main.o(.text) for fputc
    printf2.o(i.__0printf$2) refers to stdout.o(.data) for __stdout
    printf2.o(i.__0snprintf$2) refers to printf2.o(i._printf_core) for _printf_core
    printf2.o(i.__0snprintf$2) refers to printf2.o(i._snputc) for _snputc
    printf2.o(i.__0sprintf$2) refers to printf2.o(i._printf_core) for _printf_core
    printf2.o(i.__0sprintf$2) refers to printf2.o(i._sputc) for _sputc
    printf2.o(i.__0vfprintf$2) refers to printf2.o(i._printf_core) for _printf_core
    printf2.o(i.__0vfprintf$2) refers to main.o(.text) for fputc
    printf2.o(i.__0vprintf$2) refers to printf2.o(i._printf_core) for _printf_core
    printf2.o(i.__0vprintf$2) refers to main.o(.text) for fputc
    printf2.o(i.__0vprintf$2) refers to stdout.o(.data) for __stdout
    printf2.o(i.__0vsnprintf$2) refers to printf2.o(i._printf_core) for _printf_core
    printf2.o(i.__0vsnprintf$2) refers to printf2.o(i._snputc) for _snputc
    printf2.o(i.__0vsprintf$2) refers to printf2.o(i._printf_core) for _printf_core
    printf2.o(i.__0vsprintf$2) refers to printf2.o(i._sputc) for _sputc
    printf3.o(i.__0fprintf$3) refers to printf3.o(i._printf_core) for _printf_core
    printf3.o(i.__0fprintf$3) refers to main.o(.text) for fputc
    printf3.o(i.__0printf$3) refers to printf3.o(i._printf_core) for _printf_core
    printf3.o(i.__0printf$3) refers to main.o(.text) for fputc
    printf3.o(i.__0printf$3) refers to stdout.o(.data) for __stdout
    printf3.o(i.__0snprintf$3) refers to printf3.o(i._printf_core) for _printf_core
    printf3.o(i.__0snprintf$3) refers to printf3.o(i._snputc) for _snputc
    printf3.o(i.__0sprintf$3) refers to printf3.o(i._printf_core) for _printf_core
    printf3.o(i.__0sprintf$3) refers to printf3.o(i._sputc) for _sputc
    printf3.o(i.__0vfprintf$3) refers to printf3.o(i._printf_core) for _printf_core
    printf3.o(i.__0vfprintf$3) refers to main.o(.text) for fputc
    printf3.o(i.__0vprintf$3) refers to printf3.o(i._printf_core) for _printf_core
    printf3.o(i.__0vprintf$3) refers to main.o(.text) for fputc
    printf3.o(i.__0vprintf$3) refers to stdout.o(.data) for __stdout
    printf3.o(i.__0vsnprintf$3) refers to printf3.o(i._printf_core) for _printf_core
    printf3.o(i.__0vsnprintf$3) refers to printf3.o(i._snputc) for _snputc
    printf3.o(i.__0vsprintf$3) refers to printf3.o(i._printf_core) for _printf_core
    printf3.o(i.__0vsprintf$3) refers to printf3.o(i._sputc) for _sputc
    printf3.o(i._printf_core) refers to uidiv.o(.text) for __aeabi_uidivmod
    printf4.o(i.__0fprintf$4) refers to printf4.o(i._printf_core) for _printf_core
    printf4.o(i.__0fprintf$4) refers to main.o(.text) for fputc
    printf4.o(i.__0printf$4) refers to printf4.o(i._printf_core) for _printf_core
    printf4.o(i.__0printf$4) refers to main.o(.text) for fputc
    printf4.o(i.__0printf$4) refers to stdout.o(.data) for __stdout
    printf4.o(i.__0snprintf$4) refers to printf4.o(i._printf_core) for _printf_core
    printf4.o(i.__0snprintf$4) refers to printf4.o(i._snputc) for _snputc
    printf4.o(i.__0sprintf$4) refers to printf4.o(i._printf_core) for _printf_core
    printf4.o(i.__0sprintf$4) refers to printf4.o(i._sputc) for _sputc
    printf4.o(i.__0vfprintf$4) refers to printf4.o(i._printf_core) for _printf_core
    printf4.o(i.__0vfprintf$4) refers to main.o(.text) for fputc
    printf4.o(i.__0vprintf$4) refers to printf4.o(i._printf_core) for _printf_core
    printf4.o(i.__0vprintf$4) refers to main.o(.text) for fputc
    printf4.o(i.__0vprintf$4) refers to stdout.o(.data) for __stdout
    printf4.o(i.__0vsnprintf$4) refers to printf4.o(i._printf_core) for _printf_core
    printf4.o(i.__0vsnprintf$4) refers to printf4.o(i._snputc) for _snputc
    printf4.o(i.__0vsprintf$4) refers to printf4.o(i._printf_core) for _printf_core
    printf4.o(i.__0vsprintf$4) refers to printf4.o(i._sputc) for _sputc
    printf4.o(i._printf_core) refers to uldiv.o(.text) for __aeabi_uldivmod
    printf5.o(i.__0fprintf$5) refers to printf5.o(i._printf_core) for _printf_core
    printf5.o(i.__0fprintf$5) refers to main.o(.text) for fputc
    printf5.o(i.__0printf$5) refers to printf5.o(i._printf_core) for _printf_core
    printf5.o(i.__0printf$5) refers to main.o(.text) for fputc
    printf5.o(i.__0printf$5) refers to stdout.o(.data) for __stdout
    printf5.o(i.__0snprintf$5) refers to printf5.o(i._printf_core) for _printf_core
    printf5.o(i.__0snprintf$5) refers to printf5.o(i._snputc) for _snputc
    printf5.o(i.__0sprintf$5) refers to printf5.o(i._printf_core) for _printf_core
    printf5.o(i.__0sprintf$5) refers to printf5.o(i._sputc) for _sputc
    printf5.o(i.__0vfprintf$5) refers to printf5.o(i._printf_core) for _printf_core
    printf5.o(i.__0vfprintf$5) refers to main.o(.text) for fputc
    printf5.o(i.__0vprintf$5) refers to printf5.o(i._printf_core) for _printf_core
    printf5.o(i.__0vprintf$5) refers to main.o(.text) for fputc
    printf5.o(i.__0vprintf$5) refers to stdout.o(.data) for __stdout
    printf5.o(i.__0vsnprintf$5) refers to printf5.o(i._printf_core) for _printf_core
    printf5.o(i.__0vsnprintf$5) refers to printf5.o(i._snputc) for _snputc
    printf5.o(i.__0vsprintf$5) refers to printf5.o(i._printf_core) for _printf_core
    printf5.o(i.__0vsprintf$5) refers to printf5.o(i._sputc) for _sputc
    printf5.o(i._printf_core) refers to uldiv.o(.text) for __aeabi_uldivmod
    printf6.o(i.__0fprintf$6) refers to printf6.o(i._printf_core) for _printf_core
    printf6.o(i.__0fprintf$6) refers to main.o(.text) for fputc
    printf6.o(i.__0printf$6) refers to printf6.o(i._printf_core) for _printf_core
    printf6.o(i.__0printf$6) refers to main.o(.text) for fputc
    printf6.o(i.__0printf$6) refers to stdout.o(.data) for __stdout
    printf6.o(i.__0snprintf$6) refers to printf6.o(i._printf_core) for _printf_core
    printf6.o(i.__0snprintf$6) refers to printf6.o(i._snputc) for _snputc
    printf6.o(i.__0sprintf$6) refers to printf6.o(i._printf_core) for _printf_core
    printf6.o(i.__0sprintf$6) refers to printf6.o(i._sputc) for _sputc
    printf6.o(i.__0vfprintf$6) refers to printf6.o(i._printf_core) for _printf_core
    printf6.o(i.__0vfprintf$6) refers to main.o(.text) for fputc
    printf6.o(i.__0vprintf$6) refers to printf6.o(i._printf_core) for _printf_core
    printf6.o(i.__0vprintf$6) refers to main.o(.text) for fputc
    printf6.o(i.__0vprintf$6) refers to stdout.o(.data) for __stdout
    printf6.o(i.__0vsnprintf$6) refers to printf6.o(i._printf_core) for _printf_core
    printf6.o(i.__0vsnprintf$6) refers to printf6.o(i._snputc) for _snputc
    printf6.o(i.__0vsprintf$6) refers to printf6.o(i._printf_core) for _printf_core
    printf6.o(i.__0vsprintf$6) refers to printf6.o(i._sputc) for _sputc
    printf6.o(i._printf_core) refers to printf6.o(i._printf_pre_padding) for _printf_pre_padding
    printf6.o(i._printf_core) refers to uidiv.o(.text) for __aeabi_uidivmod
    printf6.o(i._printf_core) refers to printf6.o(i._printf_post_padding) for _printf_post_padding
    printf7.o(i.__0fprintf$7) refers to printf7.o(i._printf_core) for _printf_core
    printf7.o(i.__0fprintf$7) refers to main.o(.text) for fputc
    printf7.o(i.__0printf$7) refers to printf7.o(i._printf_core) for _printf_core
    printf7.o(i.__0printf$7) refers to main.o(.text) for fputc
    printf7.o(i.__0printf$7) refers to stdout.o(.data) for __stdout
    printf7.o(i.__0snprintf$7) refers to printf7.o(i._printf_core) for _printf_core
    printf7.o(i.__0snprintf$7) refers to printf7.o(i._snputc) for _snputc
    printf7.o(i.__0sprintf$7) refers to printf7.o(i._printf_core) for _printf_core
    printf7.o(i.__0sprintf$7) refers to printf7.o(i._sputc) for _sputc
    printf7.o(i.__0vfprintf$7) refers to printf7.o(i._printf_core) for _printf_core
    printf7.o(i.__0vfprintf$7) refers to main.o(.text) for fputc
    printf7.o(i.__0vprintf$7) refers to printf7.o(i._printf_core) for _printf_core
    printf7.o(i.__0vprintf$7) refers to main.o(.text) for fputc
    printf7.o(i.__0vprintf$7) refers to stdout.o(.data) for __stdout
    printf7.o(i.__0vsnprintf$7) refers to printf7.o(i._printf_core) for _printf_core
    printf7.o(i.__0vsnprintf$7) refers to printf7.o(i._snputc) for _snputc
    printf7.o(i.__0vsprintf$7) refers to printf7.o(i._printf_core) for _printf_core
    printf7.o(i.__0vsprintf$7) refers to printf7.o(i._sputc) for _sputc
    printf7.o(i._printf_core) refers to printf7.o(i._printf_pre_padding) for _printf_pre_padding
    printf7.o(i._printf_core) refers to uldiv.o(.text) for __aeabi_uldivmod
    printf7.o(i._printf_core) refers to printf7.o(i._printf_post_padding) for _printf_post_padding
    printf8.o(i.__0fprintf$8) refers to printf8.o(i._printf_core) for _printf_core
    printf8.o(i.__0fprintf$8) refers to main.o(.text) for fputc
    printf8.o(i.__0printf$8) refers to printf8.o(i._printf_core) for _printf_core
    printf8.o(i.__0printf$8) refers to main.o(.text) for fputc
    printf8.o(i.__0printf$8) refers to stdout.o(.data) for __stdout
    printf8.o(i.__0snprintf$8) refers to printf8.o(i._printf_core) for _printf_core
    printf8.o(i.__0snprintf$8) refers to printf8.o(i._snputc) for _snputc
    printf8.o(i.__0sprintf$8) refers to printf8.o(i._printf_core) for _printf_core
    printf8.o(i.__0sprintf$8) refers to printf8.o(i._sputc) for _sputc
    printf8.o(i.__0vfprintf$8) refers to printf8.o(i._printf_core) for _printf_core
    printf8.o(i.__0vfprintf$8) refers to main.o(.text) for fputc
    printf8.o(i.__0vprintf$8) refers to printf8.o(i._printf_core) for _printf_core
    printf8.o(i.__0vprintf$8) refers to main.o(.text) for fputc
    printf8.o(i.__0vprintf$8) refers to stdout.o(.data) for __stdout
    printf8.o(i.__0vsnprintf$8) refers to printf8.o(i._printf_core) for _printf_core
    printf8.o(i.__0vsnprintf$8) refers to printf8.o(i._snputc) for _snputc
    printf8.o(i.__0vsprintf$8) refers to printf8.o(i._printf_core) for _printf_core
    printf8.o(i.__0vsprintf$8) refers to printf8.o(i._sputc) for _sputc
    printf8.o(i._printf_core) refers to printf8.o(i._printf_pre_padding) for _printf_pre_padding
    printf8.o(i._printf_core) refers to uldiv.o(.text) for __aeabi_uldivmod
    printf8.o(i._printf_core) refers to printf8.o(i._printf_post_padding) for _printf_post_padding
    printfa.o(i.__0fprintf) refers (Special) to iusefp.o(.text) for __I$use$fp
    printfa.o(i.__0fprintf) refers to printfa.o(i._printf_core) for _printf_core
    printfa.o(i.__0fprintf) refers to main.o(.text) for fputc
    printfa.o(i.__0printf) refers (Special) to iusefp.o(.text) for __I$use$fp
    printfa.o(i.__0printf) refers to printfa.o(i._printf_core) for _printf_core
    printfa.o(i.__0printf) refers to main.o(.text) for fputc
    printfa.o(i.__0printf) refers to stdout.o(.data) for __stdout
    printfa.o(i.__0snprintf) refers (Special) to iusefp.o(.text) for __I$use$fp
    printfa.o(i.__0snprintf) refers to printfa.o(i._printf_core) for _printf_core
    printfa.o(i.__0snprintf) refers to printfa.o(i._snputc) for _snputc
    printfa.o(i.__0sprintf) refers (Special) to iusefp.o(.text) for __I$use$fp
    printfa.o(i.__0sprintf) refers to printfa.o(i._printf_core) for _printf_core
    printfa.o(i.__0sprintf) refers to printfa.o(i._sputc) for _sputc
    printfa.o(i.__0vfprintf) refers (Special) to iusefp.o(.text) for __I$use$fp
    printfa.o(i.__0vfprintf) refers to printfa.o(i._printf_core) for _printf_core
    printfa.o(i.__0vfprintf) refers to main.o(.text) for fputc
    printfa.o(i.__0vprintf) refers (Special) to iusefp.o(.text) for __I$use$fp
    printfa.o(i.__0vprintf) refers to printfa.o(i._printf_core) for _printf_core
    printfa.o(i.__0vprintf) refers to main.o(.text) for fputc
    printfa.o(i.__0vprintf) refers to stdout.o(.data) for __stdout
    printfa.o(i.__0vsnprintf) refers (Special) to iusefp.o(.text) for __I$use$fp
    printfa.o(i.__0vsnprintf) refers to printfa.o(i._printf_core) for _printf_core
    printfa.o(i.__0vsnprintf) refers to printfa.o(i._snputc) for _snputc
    printfa.o(i.__0vsprintf) refers (Special) to iusefp.o(.text) for __I$use$fp
    printfa.o(i.__0vsprintf) refers to printfa.o(i._printf_core) for _printf_core
    printfa.o(i.__0vsprintf) refers to printfa.o(i._sputc) for _sputc
    printfa.o(i._fp_digits) refers (Special) to iusefp.o(.text) for __I$use$fp
    printfa.o(i._fp_digits) refers to dmul.o(.text) for __aeabi_dmul
    printfa.o(i._fp_digits) refers to ddiv.o(.text) for __aeabi_ddiv
    printfa.o(i._fp_digits) refers to cdrcmple.o(.text) for __aeabi_cdrcmple
    printfa.o(i._fp_digits) refers to dadd.o(.text) for __aeabi_dadd
    printfa.o(i._fp_digits) refers to dfixul.o(.text) for __aeabi_d2ulz
    printfa.o(i._fp_digits) refers to uldiv.o(.text) for __aeabi_uldivmod
    printfa.o(i._printf_core) refers (Special) to iusefp.o(.text) for __I$use$fp
    printfa.o(i._printf_core) refers to printfa.o(i._printf_pre_padding) for _printf_pre_padding
    printfa.o(i._printf_core) refers to uldiv.o(.text) for __aeabi_uldivmod
    printfa.o(i._printf_core) refers to printfa.o(i._printf_post_padding) for _printf_post_padding
    printfa.o(i._printf_core) refers to printfa.o(i._fp_digits) for _fp_digits
    printfa.o(i._printf_core) refers to uidiv.o(.text) for __aeabi_uidivmod
    printfa.o(i._printf_post_padding) refers (Special) to iusefp.o(.text) for __I$use$fp
    printfa.o(i._printf_pre_padding) refers (Special) to iusefp.o(.text) for __I$use$fp
    printfa.o(i._snputc) refers (Special) to iusefp.o(.text) for __I$use$fp
    printfa.o(i._sputc) refers (Special) to iusefp.o(.text) for __I$use$fp
    entry2.o(.ARM.Collect$$$$00000001) refers to entry2.o(.ARM.Collect$$$$00002712) for __lit__00000000
    entry2.o(.ARM.Collect$$$$00002712) refers to stm32f10x_vector.o(STACK) for __initial_sp
    entry2.o(__vectab_stack_and_reset_area) refers to stm32f10x_vector.o(STACK) for __initial_sp
    entry2.o(__vectab_stack_and_reset_area) refers to entry.o(.ARM.Collect$$$$00000000) for __main
    entry5.o(.ARM.Collect$$$$00000004) refers to init.o(.text) for __scatterload
    entry9a.o(.ARM.Collect$$$$0000000B) refers to main.o(.text) for main
    entry9b.o(.ARM.Collect$$$$0000000C) refers to main.o(.text) for main
    uldiv.o(.text) refers to llushr.o(.text) for __aeabi_llsr
    uldiv.o(.text) refers to llshl.o(.text) for __aeabi_llsl
    dadd.o(.text) refers to llshl.o(.text) for __aeabi_llsl
    dadd.o(.text) refers to llsshr.o(.text) for __aeabi_lasr
    dadd.o(.text) refers to depilogue.o(.text) for _double_epilogue
    dmul.o(.text) refers to depilogue.o(.text) for _double_epilogue
    ddiv.o(.text) refers to depilogue.o(.text) for _double_round
    dfixul.o(.text) refers to llushr.o(.text) for __aeabi_llsr
    dfixul.o(.text) refers to llshl.o(.text) for __aeabi_llsl
    init.o(.text) refers to entry5.o(.ARM.Collect$$$$00000004) for __main_after_scatterload
    depilogue.o(.text) refers to llshl.o(.text) for __aeabi_llsl
    depilogue.o(.text) refers to llushr.o(.text) for __aeabi_llsr


==============================================================================

Removing Unused input sections from the image.

    Removing stm32f10x_vector.o(HEAP), (1024 bytes).
    Removing dadd.o(.text), (334 bytes).
    Removing dmul.o(.text), (228 bytes).
    Removing ddiv.o(.text), (222 bytes).
    Removing dfixul.o(.text), (48 bytes).
    Removing cdrcmple.o(.text), (40 bytes).
    Removing depilogue.o(.text), (190 bytes).

7 unused section(s) (total 2086 bytes) removed from the image.

==============================================================================

Image Symbol Table

    Local Symbols

    Symbol Name                              Value     Ov Type        Size  Object(Section)

    ../clib/microlib/division.c              0x00000000   Number         0  uldiv.o ABSOLUTE
    ../clib/microlib/division.c              0x00000000   Number         0  uidiv.o ABSOLUTE
    ../clib/microlib/init/entry.s            0x00000000   Number         0  entry8a.o ABSOLUTE
    ../clib/microlib/init/entry.s            0x00000000   Number         0  entry9a.o ABSOLUTE
    ../clib/microlib/init/entry.s            0x00000000   Number         0  entry11a.o ABSOLUTE
    ../clib/microlib/init/entry.s            0x00000000   Number         0  entry10b.o ABSOLUTE
    ../clib/microlib/init/entry.s            0x00000000   Number         0  entry10a.o ABSOLUTE
    ../clib/microlib/init/entry.s            0x00000000   Number         0  entry5.o ABSOLUTE
    ../clib/microlib/init/entry.s            0x00000000   Number         0  entry9b.o ABSOLUTE
    ../clib/microlib/init/entry.s            0x00000000   Number         0  entry7b.o ABSOLUTE
    ../clib/microlib/init/entry.s            0x00000000   Number         0  entry8b.o ABSOLUTE
    ../clib/microlib/init/entry.s            0x00000000   Number         0  entry2.o ABSOLUTE
    ../clib/microlib/init/entry.s            0x00000000   Number         0  entry.o ABSOLUTE
    ../clib/microlib/init/entry.s            0x00000000   Number         0  entry7a.o ABSOLUTE
    ../clib/microlib/init/entry.s            0x00000000   Number         0  entry11b.o ABSOLUTE
    ../clib/microlib/longlong.c              0x00000000   Number         0  llshl.o ABSOLUTE
    ../clib/microlib/longlong.c              0x00000000   Number         0  llsshr.o ABSOLUTE
    ../clib/microlib/longlong.c              0x00000000   Number         0  llushr.o ABSOLUTE
    ../clib/microlib/printf/printf.c         0x00000000   Number         0  printfa.o ABSOLUTE
    ../clib/microlib/printf/printf.c         0x00000000   Number         0  printf8.o ABSOLUTE
    ../clib/microlib/printf/printf.c         0x00000000   Number         0  printf2.o ABSOLUTE
    ../clib/microlib/printf/printf.c         0x00000000   Number         0  printf3.o ABSOLUTE
    ../clib/microlib/printf/printf.c         0x00000000   Number         0  printf5.o ABSOLUTE
    ../clib/microlib/printf/printf.c         0x00000000   Number         0  printf6.o ABSOLUTE
    ../clib/microlib/printf/printf.c         0x00000000   Number         0  printfb.o ABSOLUTE
    ../clib/microlib/printf/printf.c         0x00000000   Number         0  printf4.o ABSOLUTE
    ../clib/microlib/printf/printf.c         0x00000000   Number         0  printf7.o ABSOLUTE
    ../clib/microlib/printf/printf.c         0x00000000   Number         0  printf0.o ABSOLUTE
    ../clib/microlib/printf/printf.c         0x00000000   Number         0  printf1.o ABSOLUTE
    ../clib/microlib/printf/stubs.s          0x00000000   Number         0  stubs.o ABSOLUTE
    ../clib/microlib/stdio/streams.c         0x00000000   Number         0  stdout.o ABSOLUTE
    ../clib/microlib/string/strncmp.c        0x00000000   Number         0  strncmp.o ABSOLUTE
    ../clib/microlib/stubs.s                 0x00000000   Number         0  iusefp.o ABSOLUTE
    ../fplib/microlib/fpadd.c                0x00000000   Number         0  dadd.o ABSOLUTE
    ../fplib/microlib/fpdiv.c                0x00000000   Number         0  ddiv.o ABSOLUTE
    ../fplib/microlib/fpepilogue.c           0x00000000   Number         0  depilogue.o ABSOLUTE
    ../fplib/microlib/fpfix.c                0x00000000   Number         0  dfixul.o ABSOLUTE
    ../fplib/microlib/fpmul.c                0x00000000   Number         0  dmul.o ABSOLUTE
    boot\cortexm3_macro.s                    0x00000000   Number         0  cortexm3_macro.o ABSOLUTE
    boot\stm32f10x_vector.s                  0x00000000   Number         0  stm32f10x_vector.o ABSOLUTE
    cdrcmple.s                               0x00000000   Number         0  cdrcmple.o ABSOLUTE
    dc.s                                     0x00000000   Number         0  dc.o ABSOLUTE
    handlers.s                               0x00000000   Number         0  handlers.o ABSOLUTE
    init.s                                   0x00000000   Number         0  init.o ABSOLUTE
    interrupt\stm32f10x_it.c                 0x00000000   Number         0  stm32f10x_it.o ABSOLUTE
    library\src\stm32f10x_dma.c              0x00000000   Number         0  stm32f10x_dma.o ABSOLUTE
    library\src\stm32f10x_flash.c            0x00000000   Number         0  stm32f10x_flash.o ABSOLUTE
    library\src\stm32f10x_gpio.c             0x00000000   Number         0  stm32f10x_gpio.o ABSOLUTE
    library\src\stm32f10x_lib.c              0x00000000   Number         0  stm32f10x_lib.o ABSOLUTE
    library\src\stm32f10x_nvic.c             0x00000000   Number         0  stm32f10x_nvic.o ABSOLUTE
    library\src\stm32f10x_rcc.c              0x00000000   Number         0  stm32f10x_rcc.o ABSOLUTE
    library\src\stm32f10x_systick.c          0x00000000   Number         0  stm32f10x_systick.o ABSOLUTE
    library\src\stm32f10x_usart.c            0x00000000   Number         0  stm32f10x_usart.o ABSOLUTE
    src\main.c                               0x00000000   Number         0  main.o ABSOLUTE
    RESET                                    0x08000000   Section      304  stm32f10x_vector.o(RESET)
    .ARM.Collect$$$$00000000                 0x08000130   Section        0  entry.o(.ARM.Collect$$$$00000000)
    .ARM.Collect$$$$00000001                 0x08000130   Section        4  entry2.o(.ARM.Collect$$$$00000001)
    .ARM.Collect$$$$00000004                 0x08000134   Section        4  entry5.o(.ARM.Collect$$$$00000004)
    .ARM.Collect$$$$00000008                 0x08000138   Section        0  entry7b.o(.ARM.Collect$$$$00000008)
    .ARM.Collect$$$$0000000A                 0x08000138   Section        0  entry8b.o(.ARM.Collect$$$$0000000A)
    .ARM.Collect$$$$0000000B                 0x08000138   Section        8  entry9a.o(.ARM.Collect$$$$0000000B)
    .ARM.Collect$$$$0000000D                 0x08000140   Section        0  entry10a.o(.ARM.Collect$$$$0000000D)
    .ARM.Collect$$$$0000000F                 0x08000140   Section        0  entry11a.o(.ARM.Collect$$$$0000000F)
    .ARM.Collect$$$$00002712                 0x08000140   Section        4  entry2.o(.ARM.Collect$$$$00002712)
    __lit__00000000                          0x08000140   Data           4  entry2.o(.ARM.Collect$$$$00002712)
    .text                                    0x08000144   Section      122  cortexm3_macro.o(.text)
    .text                                    0x080001c0   Section        8  stm32f10x_vector.o(.text)
    .text                                    0x080001c8   Section        0  stm32f10x_flash.o(.text)
    .text                                    0x08000210   Section        0  stm32f10x_gpio.o(.text)
    .text                                    0x0800053c   Section        0  stm32f10x_rcc.o(.text)
    .text                                    0x080008dc   Section        0  stm32f10x_nvic.o(.text)
    .text                                    0x08000cbc   Section        0  stm32f10x_dma.o(.text)
    .text                                    0x08000ef8   Section        0  stm32f10x_systick.o(.text)
    .text                                    0x08000fbc   Section        0  stm32f10x_usart.o(.text)
    .text                                    0x0800132c   Section        0  stm32f10x_it.o(.text)
    .text                                    0x080013e8   Section        0  main.o(.text)
    .text                                    0x080016c8   Section        0  strncmp.o(.text)
    .text                                    0x080016e6   Section        0  uidiv.o(.text)
    .text                                    0x08001714   Section       36  init.o(.text)
    i.__0printf$1                            0x08001738   Section        0  printf1.o(i.__0printf$1)
    i.__scatterload_copy                     0x08001758   Section       14  handlers.o(i.__scatterload_copy)
    i.__scatterload_null                     0x08001766   Section        2  handlers.o(i.__scatterload_null)
    i.__scatterload_zeroinit                 0x08001768   Section       14  handlers.o(i.__scatterload_zeroinit)
    i._printf_core                           0x08001778   Section        0  printf1.o(i._printf_core)
    _printf_core                             0x08001779   Thumb Code   334  printf1.o(i._printf_core)
    .constdata                               0x080018cc   Section       20  stm32f10x_rcc.o(.constdata)
    APBAHBPrescTable                         0x080018cc   Data          16  stm32f10x_rcc.o(.constdata)
    ADCPrescTable                            0x080018dc   Data           4  stm32f10x_rcc.o(.constdata)
    .data                                    0x20000000   Section      136  main.o(.data)
    .data                                    0x20000088   Section        4  stdout.o(.data)
    .bss                                     0x2000008c   Section      128  main.o(.bss)
    STACK                                    0x20000110   Section     1024  stm32f10x_vector.o(STACK)

    Global Symbols

    Symbol Name                              Value     Ov Type        Size  Object(Section)

    BuildAttributes$$THM_ISAv4$P$D$K$B$S$PE$A:L22UL41UL21$X:L11$S22US41US21$IEEE1$IW$USESV6$~STKCKD$USESV7$~SHL$OSPACE$ROPI$EBA8$MICROLIB$REQ8$PRES8$EABIv2 0x00000000   Number         0  anon$$obj.o ABSOLUTE
    __ARM_use_no_argv                        0x00000000   Number         0  main.o ABSOLUTE
    _printf_a                                0x00000000   Number         0  stubs.o ABSOLUTE
    _printf_c                                0x00000000   Number         0  stubs.o ABSOLUTE
    _printf_charcount                        0x00000000   Number         0  stubs.o ABSOLUTE
    _printf_d                                0x00000000   Number         0  stubs.o ABSOLUTE
    _printf_e                                0x00000000   Number         0  stubs.o ABSOLUTE
    _printf_f                                0x00000000   Number         0  stubs.o ABSOLUTE
    _printf_flags                            0x00000000   Number         0  stubs.o ABSOLUTE
    _printf_fp_dec                           0x00000000   Number         0  stubs.o ABSOLUTE
    _printf_fp_hex                           0x00000000   Number         0  stubs.o ABSOLUTE
    _printf_g                                0x00000000   Number         0  stubs.o ABSOLUTE
    _printf_i                                0x00000000   Number         0  stubs.o ABSOLUTE
    _printf_int_dec                          0x00000000   Number         0  stubs.o ABSOLUTE
    _printf_l                                0x00000000   Number         0  stubs.o ABSOLUTE
    _printf_lc                               0x00000000   Number         0  stubs.o ABSOLUTE
    _printf_ll                               0x00000000   Number         0  stubs.o ABSOLUTE
    _printf_lld                              0x00000000   Number         0  stubs.o ABSOLUTE
    _printf_lli                              0x00000000   Number         0  stubs.o ABSOLUTE
    _printf_llo                              0x00000000   Number         0  stubs.o ABSOLUTE
    _printf_llu                              0x00000000   Number         0  stubs.o ABSOLUTE
    _printf_llx                              0x00000000   Number         0  stubs.o ABSOLUTE
    _printf_longlong_dec                     0x00000000   Number         0  stubs.o ABSOLUTE
    _printf_longlong_hex                     0x00000000   Number         0  stubs.o ABSOLUTE
    _printf_longlong_oct                     0x00000000   Number         0  stubs.o ABSOLUTE
    _printf_ls                               0x00000000   Number         0  stubs.o ABSOLUTE
    _printf_mbtowc                           0x00000000   Number         0  stubs.o ABSOLUTE
    _printf_n                                0x00000000   Number         0  stubs.o ABSOLUTE
    _printf_o                                0x00000000   Number         0  stubs.o ABSOLUTE
    _printf_p                                0x00000000   Number         0  stubs.o ABSOLUTE
    _printf_percent                          0x00000000   Number         0  stubs.o ABSOLUTE
    _printf_pre_padding                      0x00000000   Number         0  stubs.o ABSOLUTE
    _printf_return_value                     0x00000000   Number         0  stubs.o ABSOLUTE
    _printf_s                                0x00000000   Number         0  stubs.o ABSOLUTE
    _printf_sizespec                         0x00000000   Number         0  stubs.o ABSOLUTE
    _printf_str                              0x00000000   Number         0  stubs.o ABSOLUTE
    _printf_truncate_signed                  0x00000000   Number         0  stubs.o ABSOLUTE
    _printf_truncate_unsigned                0x00000000   Number         0  stubs.o ABSOLUTE
    _printf_u                                0x00000000   Number         0  stubs.o ABSOLUTE
    _printf_wc                               0x00000000   Number         0  stubs.o ABSOLUTE
    _printf_wctomb                           0x00000000   Number         0  stubs.o ABSOLUTE
    _printf_widthprec                        0x00000000   Number         0  stubs.o ABSOLUTE
    _printf_x                                0x00000000   Number         0  stubs.o ABSOLUTE
    __cpp_initialize__aeabi_                  - Undefined Weak Reference
    __cxa_finalize                            - Undefined Weak Reference
    __decompress                              - Undefined Weak Reference
    _clock_init                               - Undefined Weak Reference
    _microlib_exit                            - Undefined Weak Reference
    __Vectors                                0x08000000   Data           4  stm32f10x_vector.o(RESET)
    __main                                   0x08000131   Thumb Code     0  entry.o(.ARM.Collect$$$$00000000)
    _main_stk                                0x08000131   Thumb Code     0  entry2.o(.ARM.Collect$$$$00000001)
    _main_scatterload                        0x08000135   Thumb Code     0  entry5.o(.ARM.Collect$$$$00000004)
    __main_after_scatterload                 0x08000139   Thumb Code     0  entry5.o(.ARM.Collect$$$$00000004)
    _main_clock                              0x08000139   Thumb Code     0  entry7b.o(.ARM.Collect$$$$00000008)
    _main_cpp_init                           0x08000139   Thumb Code     0  entry8b.o(.ARM.Collect$$$$0000000A)
    _main_init                               0x08000139   Thumb Code     0  entry9a.o(.ARM.Collect$$$$0000000B)
    __rt_final_cpp                           0x08000141   Thumb Code     0  entry10a.o(.ARM.Collect$$$$0000000D)
    __rt_final_exit                          0x08000141   Thumb Code     0  entry11a.o(.ARM.Collect$$$$0000000F)
    __WFI                                    0x08000145   Thumb Code     0  cortexm3_macro.o(.text)
    __WFE                                    0x08000149   Thumb Code     0  cortexm3_macro.o(.text)
    __SEV                                    0x0800014d   Thumb Code     0  cortexm3_macro.o(.text)
    __ISB                                    0x08000151   Thumb Code     0  cortexm3_macro.o(.text)
    __DSB                                    0x08000157   Thumb Code     0  cortexm3_macro.o(.text)
    __DMB                                    0x0800015d   Thumb Code     0  cortexm3_macro.o(.text)
    __SVC                                    0x08000163   Thumb Code     0  cortexm3_macro.o(.text)
    __MRS_CONTROL                            0x08000167   Thumb Code     0  cortexm3_macro.o(.text)
    __MSR_CONTROL                            0x0800016d   Thumb Code     0  cortexm3_macro.o(.text)
    __MRS_PSP                                0x08000177   Thumb Code     0  cortexm3_macro.o(.text)
    __MSR_PSP                                0x0800017d   Thumb Code     0  cortexm3_macro.o(.text)
    __MRS_MSP                                0x08000183   Thumb Code     0  cortexm3_macro.o(.text)
    __MSR_MSP                                0x08000189   Thumb Code     0  cortexm3_macro.o(.text)
    __RESETPRIMASK                           0x0800018f   Thumb Code     0  cortexm3_macro.o(.text)
    __SETPRIMASK                             0x08000193   Thumb Code     0  cortexm3_macro.o(.text)
    __READ_PRIMASK                           0x08000197   Thumb Code     0  cortexm3_macro.o(.text)
    __SETFAULTMASK                           0x0800019d   Thumb Code     0  cortexm3_macro.o(.text)
    __RESETFAULTMASK                         0x080001a1   Thumb Code     0  cortexm3_macro.o(.text)
    __READ_FAULTMASK                         0x080001a5   Thumb Code     0  cortexm3_macro.o(.text)
    __BASEPRICONFIG                          0x080001ab   Thumb Code     0  cortexm3_macro.o(.text)
    __GetBASEPRI                             0x080001b1   Thumb Code     0  cortexm3_macro.o(.text)
    __REV_HalfWord                           0x080001b7   Thumb Code     0  cortexm3_macro.o(.text)
    __REV_Word                               0x080001bb   Thumb Code     0  cortexm3_macro.o(.text)
    Reset_Handler                            0x080001c1   Thumb Code     4  stm32f10x_vector.o(.text)
    FLASH_SetLatency                         0x080001c9   Thumb Code    22  stm32f10x_flash.o(.text)
    FLASH_HalfCycleAccessCmd                 0x080001df   Thumb Code    22  stm32f10x_flash.o(.text)
    FLASH_PrefetchBufferCmd                  0x080001f5   Thumb Code    22  stm32f10x_flash.o(.text)
    GPIO_DeInit                              0x08000211   Thumb Code   188  stm32f10x_gpio.o(.text)
    GPIO_AFIODeInit                          0x080002cd   Thumb Code    20  stm32f10x_gpio.o(.text)
    GPIO_Init                                0x080002e1   Thumb Code   274  stm32f10x_gpio.o(.text)
    GPIO_StructInit                          0x080003f3   Thumb Code    16  stm32f10x_gpio.o(.text)
    GPIO_ReadInputDataBit                    0x08000403   Thumb Code    18  stm32f10x_gpio.o(.text)
    GPIO_ReadInputData                       0x08000415   Thumb Code     8  stm32f10x_gpio.o(.text)
    GPIO_ReadOutputDataBit                   0x0800041d   Thumb Code    18  stm32f10x_gpio.o(.text)
    GPIO_ReadOutputData                      0x0800042f   Thumb Code     8  stm32f10x_gpio.o(.text)
    GPIO_SetBits                             0x08000437   Thumb Code     4  stm32f10x_gpio.o(.text)
    GPIO_ResetBits                           0x0800043b   Thumb Code     4  stm32f10x_gpio.o(.text)
    GPIO_WriteBit                            0x0800043f   Thumb Code    10  stm32f10x_gpio.o(.text)
    GPIO_Write                               0x08000449   Thumb Code     4  stm32f10x_gpio.o(.text)
    GPIO_PinLockConfig                       0x0800044d   Thumb Code    18  stm32f10x_gpio.o(.text)
    GPIO_EventOutputConfig                   0x0800045f   Thumb Code    26  stm32f10x_gpio.o(.text)
    GPIO_EventOutputCmd                      0x08000479   Thumb Code     6  stm32f10x_gpio.o(.text)
    GPIO_PinRemapConfig                      0x0800047f   Thumb Code   106  stm32f10x_gpio.o(.text)
    GPIO_EXTILineConfig                      0x080004e9   Thumb Code    66  stm32f10x_gpio.o(.text)
    RCC_DeInit                               0x0800053d   Thumb Code    62  stm32f10x_rcc.o(.text)
    RCC_HSEConfig                            0x0800057b   Thumb Code    70  stm32f10x_rcc.o(.text)
    RCC_GetFlagStatus                        0x080005c1   Thumb Code    56  stm32f10x_rcc.o(.text)
    RCC_WaitForHSEStartUp                    0x080005f9   Thumb Code    54  stm32f10x_rcc.o(.text)
    RCC_AdjustHSICalibrationValue            0x0800062f   Thumb Code    20  stm32f10x_rcc.o(.text)
    RCC_HSICmd                               0x08000643   Thumb Code     6  stm32f10x_rcc.o(.text)
    RCC_PLLConfig                            0x08000649   Thumb Code    24  stm32f10x_rcc.o(.text)
    RCC_PLLCmd                               0x08000661   Thumb Code     6  stm32f10x_rcc.o(.text)
    RCC_SYSCLKConfig                         0x08000667   Thumb Code    18  stm32f10x_rcc.o(.text)
    RCC_GetSYSCLKSource                      0x08000679   Thumb Code    10  stm32f10x_rcc.o(.text)
    RCC_HCLKConfig                           0x08000683   Thumb Code    18  stm32f10x_rcc.o(.text)
    RCC_PCLK1Config                          0x08000695   Thumb Code    18  stm32f10x_rcc.o(.text)
    RCC_PCLK2Config                          0x080006a7   Thumb Code    20  stm32f10x_rcc.o(.text)
    RCC_ITConfig                             0x080006bb   Thumb Code    26  stm32f10x_rcc.o(.text)
    RCC_USBCLKConfig                         0x080006d5   Thumb Code     6  stm32f10x_rcc.o(.text)
    RCC_ADCCLKConfig                         0x080006db   Thumb Code    18  stm32f10x_rcc.o(.text)
    RCC_LSEConfig                            0x080006ed   Thumb Code    44  stm32f10x_rcc.o(.text)
    RCC_LSICmd                               0x08000719   Thumb Code     6  stm32f10x_rcc.o(.text)
    RCC_RTCCLKConfig                         0x0800071f   Thumb Code    12  stm32f10x_rcc.o(.text)
    RCC_RTCCLKCmd                            0x0800072b   Thumb Code     8  stm32f10x_rcc.o(.text)
    RCC_GetClocksFreq                        0x08000733   Thumb Code   192  stm32f10x_rcc.o(.text)
    RCC_AHBPeriphClockCmd                    0x080007f3   Thumb Code    26  stm32f10x_rcc.o(.text)
    RCC_APB2PeriphClockCmd                   0x0800080d   Thumb Code    26  stm32f10x_rcc.o(.text)
    RCC_APB1PeriphClockCmd                   0x08000827   Thumb Code    26  stm32f10x_rcc.o(.text)
    RCC_APB2PeriphResetCmd                   0x08000841   Thumb Code    26  stm32f10x_rcc.o(.text)
    RCC_APB1PeriphResetCmd                   0x0800085b   Thumb Code    26  stm32f10x_rcc.o(.text)
    RCC_BackupResetCmd                       0x08000875   Thumb Code     8  stm32f10x_rcc.o(.text)
    RCC_ClockSecuritySystemCmd               0x0800087d   Thumb Code     6  stm32f10x_rcc.o(.text)
    RCC_MCOConfig                            0x08000883   Thumb Code     6  stm32f10x_rcc.o(.text)
    RCC_ClearFlag                            0x08000889   Thumb Code    14  stm32f10x_rcc.o(.text)
    RCC_GetITStatus                          0x08000897   Thumb Code    20  stm32f10x_rcc.o(.text)
    RCC_ClearITPendingBit                    0x080008ab   Thumb Code     6  stm32f10x_rcc.o(.text)
    NVIC_DeInit                              0x080008dd   Thumb Code    58  stm32f10x_nvic.o(.text)
    NVIC_SCBDeInit                           0x08000917   Thumb Code    76  stm32f10x_nvic.o(.text)
    NVIC_PriorityGroupConfig                 0x08000963   Thumb Code    12  stm32f10x_nvic.o(.text)
    NVIC_Init                                0x0800096f   Thumb Code   154  stm32f10x_nvic.o(.text)
    NVIC_StructInit                          0x08000a09   Thumb Code    12  stm32f10x_nvic.o(.text)
    NVIC_SETPRIMASK                          0x08000a15   Thumb Code     8  stm32f10x_nvic.o(.text)
    NVIC_RESETPRIMASK                        0x08000a1d   Thumb Code     8  stm32f10x_nvic.o(.text)
    NVIC_SETFAULTMASK                        0x08000a25   Thumb Code     8  stm32f10x_nvic.o(.text)
    NVIC_RESETFAULTMASK                      0x08000a2d   Thumb Code     8  stm32f10x_nvic.o(.text)
    NVIC_BASEPRICONFIG                       0x08000a35   Thumb Code    12  stm32f10x_nvic.o(.text)
    NVIC_GetBASEPRI                          0x08000a41   Thumb Code     8  stm32f10x_nvic.o(.text)
    NVIC_GetCurrentPendingIRQChannel         0x08000a49   Thumb Code    10  stm32f10x_nvic.o(.text)
    NVIC_GetIRQChannelPendingBitStatus       0x08000a53   Thumb Code    42  stm32f10x_nvic.o(.text)
    NVIC_SetIRQChannelPendingBit             0x08000a7d   Thumb Code     6  stm32f10x_nvic.o(.text)
    NVIC_ClearIRQChannelPendingBit           0x08000a83   Thumb Code    20  stm32f10x_nvic.o(.text)
    NVIC_GetCurrentActiveHandler             0x08000a97   Thumb Code    10  stm32f10x_nvic.o(.text)
    NVIC_GetIRQChannelActiveBitStatus        0x08000aa1   Thumb Code    42  stm32f10x_nvic.o(.text)
    NVIC_GetCPUID                            0x08000acb   Thumb Code     8  stm32f10x_nvic.o(.text)
    NVIC_SetVectorTable                      0x08000ad3   Thumb Code    14  stm32f10x_nvic.o(.text)
    NVIC_GenerateSystemReset                 0x08000ae1   Thumb Code    12  stm32f10x_nvic.o(.text)
    NVIC_GenerateCoreReset                   0x08000aed   Thumb Code    12  stm32f10x_nvic.o(.text)
    NVIC_SystemLPConfig                      0x08000af9   Thumb Code    34  stm32f10x_nvic.o(.text)
    NVIC_SystemHandlerConfig                 0x08000b1b   Thumb Code    48  stm32f10x_nvic.o(.text)
    NVIC_SystemHandlerPriorityConfig         0x08000b4b   Thumb Code   110  stm32f10x_nvic.o(.text)
    NVIC_GetSystemHandlerPendingBitStatus    0x08000bb9   Thumb Code    44  stm32f10x_nvic.o(.text)
    NVIC_SetSystemHandlerPendingBit          0x08000be5   Thumb Code    22  stm32f10x_nvic.o(.text)
    NVIC_ClearSystemHandlerPendingBit        0x08000bfb   Thumb Code    26  stm32f10x_nvic.o(.text)
    NVIC_GetSystemHandlerActiveBitStatus     0x08000c15   Thumb Code    42  stm32f10x_nvic.o(.text)
    NVIC_GetFaultHandlerSources              0x08000c3f   Thumb Code    66  stm32f10x_nvic.o(.text)
    NVIC_GetFaultAddress                     0x08000c81   Thumb Code    28  stm32f10x_nvic.o(.text)
    DMA_DeInit                               0x08000cbd   Thumb Code   306  stm32f10x_dma.o(.text)
    DMA_Init                                 0x08000def   Thumb Code    60  stm32f10x_dma.o(.text)
    DMA_StructInit                           0x08000e2b   Thumb Code    26  stm32f10x_dma.o(.text)
    DMA_Cmd                                  0x08000e45   Thumb Code    22  stm32f10x_dma.o(.text)
    DMA_ITConfig                             0x08000e5b   Thumb Code    18  stm32f10x_dma.o(.text)
    DMA_GetCurrDataCounter                   0x08000e6d   Thumb Code     8  stm32f10x_dma.o(.text)
    DMA_GetFlagStatus                        0x08000e75   Thumb Code    38  stm32f10x_dma.o(.text)
    DMA_ClearFlag                            0x08000e9b   Thumb Code    20  stm32f10x_dma.o(.text)
    DMA_GetITStatus                          0x08000eaf   Thumb Code    38  stm32f10x_dma.o(.text)
    DMA_ClearITPendingBit                    0x08000ed5   Thumb Code    20  stm32f10x_dma.o(.text)
    SysTick_CLKSourceConfig                  0x08000ef9   Thumb Code    40  stm32f10x_systick.o(.text)
    SysTick_SetReload                        0x08000f21   Thumb Code     8  stm32f10x_systick.o(.text)
    SysTick_CounterCmd                       0x08000f29   Thumb Code    54  stm32f10x_systick.o(.text)
    SysTick_ITConfig                         0x08000f5f   Thumb Code    38  stm32f10x_systick.o(.text)
    SysTick_GetCounter                       0x08000f85   Thumb Code     8  stm32f10x_systick.o(.text)
    SysTick_GetFlagStatus                    0x08000f8d   Thumb Code    46  stm32f10x_systick.o(.text)
    USART_DeInit                             0x08000fbd   Thumb Code   146  stm32f10x_usart.o(.text)
    USART_Init                               0x0800104f   Thumb Code   150  stm32f10x_usart.o(.text)
    USART_StructInit                         0x080010e5   Thumb Code    24  stm32f10x_usart.o(.text)
    USART_ClockInit                          0x080010fd   Thumb Code    34  stm32f10x_usart.o(.text)
    USART_ClockStructInit                    0x0800111f   Thumb Code    12  stm32f10x_usart.o(.text)
    USART_Cmd                                0x0800112b   Thumb Code    24  stm32f10x_usart.o(.text)
    USART_ITConfig                           0x08001143   Thumb Code    64  stm32f10x_usart.o(.text)
    USART_DMACmd                             0x08001183   Thumb Code    18  stm32f10x_usart.o(.text)
    USART_SetAddress                         0x08001195   Thumb Code    18  stm32f10x_usart.o(.text)
    USART_WakeUpConfig                       0x080011a7   Thumb Code    18  stm32f10x_usart.o(.text)
    USART_ReceiverWakeUpCmd                  0x080011b9   Thumb Code    24  stm32f10x_usart.o(.text)
    USART_LINBreakDetectLengthConfig         0x080011d1   Thumb Code    18  stm32f10x_usart.o(.text)
    USART_LINCmd                             0x080011e3   Thumb Code    24  stm32f10x_usart.o(.text)
    USART_SendData                           0x080011fb   Thumb Code     8  stm32f10x_usart.o(.text)
    USART_ReceiveData                        0x08001203   Thumb Code    10  stm32f10x_usart.o(.text)
    USART_SendBreak                          0x0800120d   Thumb Code    10  stm32f10x_usart.o(.text)
    USART_SetGuardTime                       0x08001217   Thumb Code    16  stm32f10x_usart.o(.text)
    USART_SetPrescaler                       0x08001227   Thumb Code    16  stm32f10x_usart.o(.text)
    USART_SmartCardCmd                       0x08001237   Thumb Code    24  stm32f10x_usart.o(.text)
    USART_SmartCardNACKCmd                   0x0800124f   Thumb Code    24  stm32f10x_usart.o(.text)
    USART_HalfDuplexCmd                      0x08001267   Thumb Code    24  stm32f10x_usart.o(.text)
    USART_IrDAConfig                         0x0800127f   Thumb Code    18  stm32f10x_usart.o(.text)
    USART_IrDACmd                            0x08001291   Thumb Code    24  stm32f10x_usart.o(.text)
    USART_GetFlagStatus                      0x080012a9   Thumb Code    18  stm32f10x_usart.o(.text)
    USART_ClearFlag                          0x080012bb   Thumb Code     6  stm32f10x_usart.o(.text)
    USART_GetITStatus                        0x080012c1   Thumb Code    76  stm32f10x_usart.o(.text)
    USART_ClearITPendingBit                  0x0800130d   Thumb Code    20  stm32f10x_usart.o(.text)
    NMIException                             0x0800132d   Thumb Code     2  stm32f10x_it.o(.text)
    HardFaultException                       0x0800132f   Thumb Code     4  stm32f10x_it.o(.text)
    MemManageException                       0x08001333   Thumb Code     4  stm32f10x_it.o(.text)
    BusFaultException                        0x08001337   Thumb Code     4  stm32f10x_it.o(.text)
    UsageFaultException                      0x0800133b   Thumb Code     4  stm32f10x_it.o(.text)
    DebugMonitor                             0x0800133f   Thumb Code     2  stm32f10x_it.o(.text)
    SVCHandler                               0x08001341   Thumb Code     2  stm32f10x_it.o(.text)
    PendSVC                                  0x08001343   Thumb Code     2  stm32f10x_it.o(.text)
    SysTickHandler                           0x08001345   Thumb Code    12  stm32f10x_it.o(.text)
    WWDG_IRQHandler                          0x08001351   Thumb Code     2  stm32f10x_it.o(.text)
    PVD_IRQHandler                           0x08001353   Thumb Code     2  stm32f10x_it.o(.text)
    TAMPER_IRQHandler                        0x08001355   Thumb Code     2  stm32f10x_it.o(.text)
    RTC_IRQHandler                           0x08001357   Thumb Code     2  stm32f10x_it.o(.text)
    FLASH_IRQHandler                         0x08001359   Thumb Code     2  stm32f10x_it.o(.text)
    RCC_IRQHandler                           0x0800135b   Thumb Code     2  stm32f10x_it.o(.text)
    EXTI0_IRQHandler                         0x0800135d   Thumb Code     2  stm32f10x_it.o(.text)
    EXTI1_IRQHandler                         0x0800135f   Thumb Code     2  stm32f10x_it.o(.text)
    EXTI2_IRQHandler                         0x08001361   Thumb Code     2  stm32f10x_it.o(.text)
    EXTI3_IRQHandler                         0x08001363   Thumb Code     2  stm32f10x_it.o(.text)
    EXTI4_IRQHandler                         0x08001365   Thumb Code     2  stm32f10x_it.o(.text)
    DMA1_Channel1_IRQHandler                 0x08001367   Thumb Code     2  stm32f10x_it.o(.text)
    DMA1_Channel2_IRQHandler                 0x08001369   Thumb Code     2  stm32f10x_it.o(.text)
    DMA1_Channel3_IRQHandler                 0x0800136b   Thumb Code     2  stm32f10x_it.o(.text)
    DMA1_Channel4_IRQHandler                 0x0800136d   Thumb Code     2  stm32f10x_it.o(.text)
    DMA1_Channel5_IRQHandler                 0x0800136f   Thumb Code     2  stm32f10x_it.o(.text)
    DMA1_Channel6_IRQHandler                 0x08001371   Thumb Code    22  stm32f10x_it.o(.text)
    DMA1_Channel7_IRQHandler                 0x08001387   Thumb Code     2  stm32f10x_it.o(.text)
    ADC1_2_IRQHandler                        0x08001389   Thumb Code     2  stm32f10x_it.o(.text)
    USB_HP_CAN_TX_IRQHandler                 0x0800138b   Thumb Code     2  stm32f10x_it.o(.text)
    USB_LP_CAN_RX0_IRQHandler                0x0800138d   Thumb Code     2  stm32f10x_it.o(.text)
    CAN_RX1_IRQHandler                       0x0800138f   Thumb Code     2  stm32f10x_it.o(.text)
    CAN_SCE_IRQHandler                       0x08001391   Thumb Code     2  stm32f10x_it.o(.text)
    EXTI9_5_IRQHandler                       0x08001393   Thumb Code     2  stm32f10x_it.o(.text)
    TIM1_BRK_IRQHandler                      0x08001395   Thumb Code     2  stm32f10x_it.o(.text)
    TIM1_UP_IRQHandler                       0x08001397   Thumb Code     2  stm32f10x_it.o(.text)
    TIM1_TRG_COM_IRQHandler                  0x08001399   Thumb Code     2  stm32f10x_it.o(.text)
    TIM1_CC_IRQHandler                       0x0800139b   Thumb Code     2  stm32f10x_it.o(.text)
    TIM2_IRQHandler                          0x0800139d   Thumb Code     2  stm32f10x_it.o(.text)
    TIM3_IRQHandler                          0x0800139f   Thumb Code     2  stm32f10x_it.o(.text)
    TIM4_IRQHandler                          0x080013a1   Thumb Code     2  stm32f10x_it.o(.text)
    I2C1_EV_IRQHandler                       0x080013a3   Thumb Code     2  stm32f10x_it.o(.text)
    I2C1_ER_IRQHandler                       0x080013a5   Thumb Code     2  stm32f10x_it.o(.text)
    I2C2_EV_IRQHandler                       0x080013a7   Thumb Code     2  stm32f10x_it.o(.text)
    I2C2_ER_IRQHandler                       0x080013a9   Thumb Code     2  stm32f10x_it.o(.text)
    SPI1_IRQHandler                          0x080013ab   Thumb Code     2  stm32f10x_it.o(.text)
    SPI2_IRQHandler                          0x080013ad   Thumb Code     2  stm32f10x_it.o(.text)
    USART1_IRQHandler                        0x080013af   Thumb Code     2  stm32f10x_it.o(.text)
    USART2_IRQHandler                        0x080013b1   Thumb Code     2  stm32f10x_it.o(.text)
    USART3_IRQHandler                        0x080013b3   Thumb Code     2  stm32f10x_it.o(.text)
    EXTI15_10_IRQHandler                     0x080013b5   Thumb Code     2  stm32f10x_it.o(.text)
    RTCAlarm_IRQHandler                      0x080013b7   Thumb Code     2  stm32f10x_it.o(.text)
    USBWakeUp_IRQHandler                     0x080013b9   Thumb Code     2  stm32f10x_it.o(.text)
    TIM8_BRK_IRQHandler                      0x080013bb   Thumb Code     2  stm32f10x_it.o(.text)
    TIM8_UP_IRQHandler                       0x080013bd   Thumb Code     2  stm32f10x_it.o(.text)
    TIM8_TRG_COM_IRQHandler                  0x080013bf   Thumb Code     2  stm32f10x_it.o(.text)
    TIM8_CC_IRQHandler                       0x080013c1   Thumb Code     2  stm32f10x_it.o(.text)
    ADC3_IRQHandler                          0x080013c3   Thumb Code     2  stm32f10x_it.o(.text)
    FSMC_IRQHandler                          0x080013c5   Thumb Code     2  stm32f10x_it.o(.text)
    SDIO_IRQHandler                          0x080013c7   Thumb Code     2  stm32f10x_it.o(.text)
    TIM5_IRQHandler                          0x080013c9   Thumb Code     2  stm32f10x_it.o(.text)
    SPI3_IRQHandler                          0x080013cb   Thumb Code     2  stm32f10x_it.o(.text)
    UART4_IRQHandler                         0x080013cd   Thumb Code     2  stm32f10x_it.o(.text)
    UART5_IRQHandler                         0x080013cf   Thumb Code     2  stm32f10x_it.o(.text)
    TIM6_IRQHandler                          0x080013d1   Thumb Code     2  stm32f10x_it.o(.text)
    TIM7_IRQHandler                          0x080013d3   Thumb Code     2  stm32f10x_it.o(.text)
    DMA2_Channel1_IRQHandler                 0x080013d5   Thumb Code     2  stm32f10x_it.o(.text)
    DMA2_Channel2_IRQHandler                 0x080013d7   Thumb Code     2  stm32f10x_it.o(.text)
    DMA2_Channel3_IRQHandler                 0x080013d9   Thumb Code     2  stm32f10x_it.o(.text)
    DMA2_Channel4_5_IRQHandler               0x080013db   Thumb Code     2  stm32f10x_it.o(.text)
    SystickInitialisation                    0x080013e9   Thumb Code    30  main.o(.text)
    DmaInitialisation                        0x08001407   Thumb Code    84  main.o(.text)
    UsartInitialisation                      0x0800145b   Thumb Code    50  main.o(.text)
    GpioInitialisation                       0x0800148d   Thumb Code    46  main.o(.text)
    NvicInitialisation                       0x080014bb   Thumb Code    50  main.o(.text)
    RccInitialisation                        0x080014ed   Thumb Code   118  main.o(.text)
    main                                     0x08001563   Thumb Code   160  main.o(.text)
    fputc                                    0x08001603   Thumb Code    32  main.o(.text)
    strncmp                                  0x080016c9   Thumb Code    30  strncmp.o(.text)
    __aeabi_uidiv                            0x080016e7   Thumb Code     0  uidiv.o(.text)
    __aeabi_uidivmod                         0x080016e7   Thumb Code    44  uidiv.o(.text)
    __scatterload                            0x08001715   Thumb Code    28  init.o(.text)
    __scatterload_rt2                        0x08001715   Thumb Code     0  init.o(.text)
    __0printf$1                              0x08001739   Thumb Code    22  printf1.o(i.__0printf$1)
    __1printf$1                              0x08001739   Thumb Code     0  printf1.o(i.__0printf$1)
    __2printf                                0x08001739   Thumb Code     0  printf1.o(i.__0printf$1)
    __scatterload_copy                       0x08001759   Thumb Code    14  handlers.o(i.__scatterload_copy)
    __scatterload_null                       0x08001767   Thumb Code     2  handlers.o(i.__scatterload_null)
    __scatterload_zeroinit                   0x08001769   Thumb Code    14  handlers.o(i.__scatterload_zeroinit)
    Region$$Table$$Base                      0x080018e0   Number         0  anon$$obj.o(Region$$Table)
    Region$$Table$$Limit                     0x08001900   Number         0  anon$$obj.o(Region$$Table)
    CurrDataCounter                          0x20000000   Data           2  main.o(.data)
    Tick                                     0x20000004   Data           4  main.o(.data)
    SRC_Const_Buffer                         0x20000008   Data         128  main.o(.data)
    __stdout                                 0x20000088   Data           4  stdout.o(.data)
    DST_Buffer                               0x2000008c   Data         128  main.o(.bss)
    __initial_sp                             0x20000510   Data           0  stm32f10x_vector.o(STACK)



==============================================================================

Memory Map of the image

  Image Entry point : 0x08000131

  Load Region LR_IROM1 (Base: 0x08000000, Size: 0x0000198c, Max: 0x00080000, ABSOLUTE)

    Execution Region ER_IROM1 (Base: 0x08000000, Size: 0x00001900, Max: 0x00080000, ABSOLUTE)

    Base Addr    Size         Type   Attr      Idx    E Section Name        Object

    0x08000000   0x00000130   Data   RO            8    RESET               stm32f10x_vector.o
    0x08000130   0x00000000   Code   RO          235  * .ARM.Collect$$$$00000000  mc_w.l(entry.o)
    0x08000130   0x00000004   Code   RO          501    .ARM.Collect$$$$00000001  mc_w.l(entry2.o)
    0x08000134   0x00000004   Code   RO          504    .ARM.Collect$$$$00000004  mc_w.l(entry5.o)
    0x08000138   0x00000000   Code   RO          506    .ARM.Collect$$$$00000008  mc_w.l(entry7b.o)
    0x08000138   0x00000000   Code   RO          508    .ARM.Collect$$$$0000000A  mc_w.l(entry8b.o)
    0x08000138   0x00000008   Code   RO          509    .ARM.Collect$$$$0000000B  mc_w.l(entry9a.o)
    0x08000140   0x00000000   Code   RO          511    .ARM.Collect$$$$0000000D  mc_w.l(entry10a.o)
    0x08000140   0x00000000   Code   RO          513    .ARM.Collect$$$$0000000F  mc_w.l(entry11a.o)
    0x08000140   0x00000004   Code   RO          502    .ARM.Collect$$$$00002712  mc_w.l(entry2.o)
    0x08000144   0x0000007a   Code   RO            1    .text               cortexm3_macro.o
    0x080001be   0x00000002   PAD
    0x080001c0   0x00000008   Code   RO            9    .text               stm32f10x_vector.o
    0x080001c8   0x00000048   Code   RO           13    .text               stm32f10x_flash.o
    0x08000210   0x0000032c   Code   RO           41    .text               stm32f10x_gpio.o
    0x0800053c   0x000003a0   Code   RO          131    .text               stm32f10x_rcc.o
    0x080008dc   0x000003e0   Code   RO          145    .text               stm32f10x_nvic.o
    0x08000cbc   0x0000023c   Code   RO          157    .text               stm32f10x_dma.o
    0x08000ef8   0x000000c2   Code   RO          169    .text               stm32f10x_systick.o
    0x08000fba   0x00000002   PAD
    0x08000fbc   0x00000370   Code   RO          181    .text               stm32f10x_usart.o
    0x0800132c   0x000000bc   Code   RO          193    .text               stm32f10x_it.o
    0x080013e8   0x000002e0   Code   RO          209    .text               main.o
    0x080016c8   0x0000001e   Code   RO          238    .text               mc_w.l(strncmp.o)
    0x080016e6   0x0000002c   Code   RO          516    .text               mc_w.l(uidiv.o)
    0x08001712   0x00000002   PAD
    0x08001714   0x00000024   Code   RO          531    .text               mc_w.l(init.o)
    0x08001738   0x00000020   Code   RO          285    i.__0printf$1       mc_w.l(printf1.o)
    0x08001758   0x0000000e   Code   RO          543    i.__scatterload_copy  mc_w.l(handlers.o)
    0x08001766   0x00000002   Code   RO          544    i.__scatterload_null  mc_w.l(handlers.o)
    0x08001768   0x0000000e   Code   RO          545    i.__scatterload_zeroinit  mc_w.l(handlers.o)
    0x08001776   0x00000002   PAD
    0x08001778   0x00000154   Code   RO          292    i._printf_core      mc_w.l(printf1.o)
    0x080018cc   0x00000014   Data   RO          132    .constdata          stm32f10x_rcc.o
    0x080018e0   0x00000020   Data   RO          541    Region$$Table       anon$$obj.o


    Execution Region RW_IRAM1 (Base: 0x20000000, Size: 0x00000510, Max: 0x00010000, ABSOLUTE)

    Base Addr    Size         Type   Attr      Idx    E Section Name        Object

    0x20000000   0x00000088   Data   RW          211    .data               main.o
    0x20000088   0x00000004   Data   RW          515    .data               mc_w.l(stdout.o)
    0x2000008c   0x00000080   Zero   RW          210    .bss                main.o
    0x2000010c   0x00000004   PAD
    0x20000110   0x00000400   Zero   RW            6    STACK               stm32f10x_vector.o


==============================================================================

Image component sizes


      Code (inc. data)   RO Data    RW Data    ZI Data      Debug   Object Name

       122          0          0          0          0        300   cortexm3_macro.o
       736        166          0        136        128       3772   main.o
       572         16          0          0          0       3247   stm32f10x_dma.o
        72          6          0          0          0     179440   stm32f10x_flash.o
       812         18          0          0          0      18835   stm32f10x_gpio.o
       188         12          0          0          0       7444   stm32f10x_it.o
         0          0          0          0          0      23040   stm32f10x_lib.o
       992         32          0          0          0       6948   stm32f10x_nvic.o
       928         44         20          0          0       8408   stm32f10x_rcc.o
       194          0          0          0          0       1501   stm32f10x_systick.o
       880         12          0          0          0       7463   stm32f10x_usart.o
         8          4        304          0       1024        276   stm32f10x_vector.o

    ----------------------------------------------------------------------
      5508        310        356        136       1156     260674   Object Totals
         0          0         32          0          0          0   (incl. Generated)
         4          0          0          0          4          0   (incl. Padding)

    ----------------------------------------------------------------------

      Code (inc. data)   RO Data    RW Data    ZI Data      Debug   Library Member Name

         0          0          0          0          0          0   entry.o
         0          0          0          0          0          0   entry10a.o
         0          0          0          0          0          0   entry11a.o
         8          4          0          0          0          0   entry2.o
         4          0          0          0          0          0   entry5.o
         0          0          0          0          0          0   entry7b.o
         0          0          0          0          0          0   entry8b.o
         8          4          0          0          0          0   entry9a.o
        30          0          0          0          0          0   handlers.o
        36          8          0          0          0         68   init.o
       372         16          0          0          0        180   printf1.o
         0          0          0          4          0          0   stdout.o
        30          0          0          0          0         80   strncmp.o
        44          0          0          0          0         80   uidiv.o

    ----------------------------------------------------------------------
       536         32          0          4          0        408   Library Totals
         4          0          0          0          0          0   (incl. Padding)

    ----------------------------------------------------------------------

      Code (inc. data)   RO Data    RW Data    ZI Data      Debug   Library Name

       532         32          0          4          0        408   mc_w.l

    ----------------------------------------------------------------------
       536         32          0          4          0        408   Library Totals

    ----------------------------------------------------------------------

==============================================================================


      Code (inc. data)   RO Data    RW Data    ZI Data      Debug   

      6044        342        356        140       1156     259782   Grand Totals
      6044        342        356        140       1156     259782   ELF Image Totals
      6044        342        356        140          0          0   ROM Totals

==============================================================================

    Total RO  Size (Code + RO Data)                 6400 (   6.25kB)
    Total RW  Size (RW Data + ZI Data)              1296 (   1.27kB)
    Total ROM Size (Code + RO Data + RW Data)       6540 (   6.39kB)

==============================================================================

