<html>
<body>
<pre>
<h1>礦ision Build Log</h1>
<h2>Project:</h2>
F:\xiaotian\MyFirstjob_RTC实现万年历\MyFirstjob.uvproj
Project File Date:  09/03/2017

<h2>Output:</h2>
Rebuild target 'MyFirstjob'
assembling cortexm3_macro.s...
assembling stm32f10x_vector.s...
compiling stm32f10x_usart.c...
compiling stm32f10x_flash.c...
compiling stm32f10x_gpio.c...
compiling stm32f10x_lib.c...
compiling stm32f10x_rcc.c...
compiling stm32f10x_bkp.c...
compiling stm32f10x_rtc.c...
compiling stm32f10x_nvic.c...
compiling stm32f10x_tim.c...
compiling stm32f10x_it.c...
compiling main.c...
src\main.c(129): warning:  #177-D: variable "USART_ClockInitStructure" was declared but never referenced
linking...
.\obj\MyFirstjob.axf: Error: L6218E: Undefined symbol PWR_BackupAccessCmd (referred from main.o).
".\obj\MyFirstjob.axf" - 1 Errors, 1 Warning(s).
Target not created
Rebuild target 'MyFirstjob'
assembling cortexm3_macro.s...
assembling stm32f10x_vector.s...
compiling stm32f10x_usart.c...
compiling stm32f10x_flash.c...
compiling stm32f10x_gpio.c...
compiling stm32f10x_lib.c...
compiling stm32f10x_rcc.c...
compiling stm32f10x_bkp.c...
compiling stm32f10x_rtc.c...
compiling stm32f10x_nvic.c...
compiling stm32f10x_tim.c...
compiling stm32f10x_pwr.c...
compiling stm32f10x_it.c...
compiling main.c...
src\main.c(129): warning:  #177-D: variable "USART_ClockInitStructure" was declared but never referenced
linking...
Program Size: Code=6192 RO-data=380 RW-data=52 ZI-data=1068  
FromELF: creating hex file...
".\obj\MyFirstjob.axf" - 0 Errors, 1 Warning(s).
Build target 'MyFirstjob'
linking...
Program Size: Code=6192 RO-data=380 RW-data=52 ZI-data=1068  
FromELF: creating hex file...
".\obj\MyFirstjob.axf" - 0 Errors, 0 Warning(s).
